RAM Allocation
Variable                                                          Address   Size
--------------------------------------------------------------------------------
command                                                           0080h        1
command_ready                                                     0081h        1
rx_buffer                                                         0082h        8
tenths                                                            008Ah        1

EEPROM Allocation
Variable                                                          Address   Size
--------------------------------------------------------------------------------

Register Allocation
Variable                                                          Register  Size
--------------------------------------------------------------------------------
rx_wr_index                                                       R3           1
rx_rd_index                                                       R2           1
rx_counter                                                        R5           1
state                                                             R4           1
rx_buffer_overflow                                                GPIOR0.0  1bit
currentLightState                                                 R7           1
linkDetectedTimeout                                               R6           1
buttonPressed                                                     R9           1
